environment: maas
machines:
  "0":
    agent-state: started
    agent-version: 1.16.3
    instance-id: /MAAS/api/1.0/nodes/node-juju-bootstrap/
    instance-state: missing
    series: saucy
  "1":
    agent-state: started
    agent-version: 1.16.3
    dns-name: juju-host.master
    instance-id: /MAAS/api/1.0/nodes/node-ed4672a0-539e-11e3-888b-525400f40f5c/
    series: precise
    containers:
      1/lxc/0:
        instance-id: pending
        series: precise
      1/lxc/1:
        instance-id: pending
        series: precise
      1/lxc/2:
        instance-id: pending
        series: precise
      1/lxc/3:
        instance-id: pending
        series: precise
      1/lxc/4:
        instance-id: pending
        series: precise
      1/lxc/5:
        instance-id: pending
        series: precise
services:
  glance:
    charm: cs:precise/glance-26
    exposed: false
    relations:
      cluster:
      - glance
      identity-service:
      - keystone
      image-service:
      - nova-cloud-controller
      shared-db:
      - mysql
    units:
      glance/0:
        agent-state: pending
        machine: 1/lxc/0
  keystone:
    charm: cs:precise/keystone-23
    exposed: false
    relations:
      cluster:
      - keystone
      identity-service:
      - glance
      - nova-cloud-controller
      - openstack-dashboard
      shared-db:
      - mysql
    units:
      keystone/0:
        agent-state: pending
        machine: 1/lxc/5
  mysql:
    charm: cs:precise/mysql-29
    exposed: false
    relations:
      cluster:
      - mysql
      shared-db:
      - glance
      - keystone
      - nova-cloud-controller
    units:
      mysql/0:
        agent-state: pending
        machine: 1/lxc/1
  nova-cloud-controller:
    charm: cs:precise/nova-cloud-controller-19
    exposed: false
    relations:
      amqp:
      - rabbitmq-server
      cluster:
      - nova-cloud-controller
      identity-service:
      - keystone
      image-service:
      - glance
      shared-db:
      - mysql
    units:
      nova-cloud-controller/0:
        agent-state: pending
        machine: 1/lxc/4
  openstack-dashboard:
    charm: cs:precise/openstack-dashboard-11
    exposed: false
    relations:
      cluster:
      - openstack-dashboard
      identity-service:
      - keystone
    units:
      openstack-dashboard/0:
        agent-state: pending
        machine: 1/lxc/3
  rabbitmq-server:
    charm: cs:precise/rabbitmq-server-16
    exposed: false
    relations:
      amqp:
      - nova-cloud-controller
      cluster:
      - rabbitmq-server
    units:
      rabbitmq-server/0:
        agent-state: pending
        machine: 1/lxc/2
