[
    {
        "status": 6, 
        "macaddress_set": [
            {
                "resource_uri": "/MAAS/api/1.0/nodes/node-29e47a24-52c6-11e3-ae66-525400ab8ba1/macs/00:00:5e:cc:cc:cc/", 
                "mac_address": "00:00:5e:cc:cc:cc"
            }
        ], 
        "hostname": "juju-host.master", 
        "power_type": "", 
        "routers": null, 
        "netboot": true, 
        "cpu_count": 0, 
        "storage": 0, 
        "system_id": "node-29e47a24-52c6-11e3-ae66-525400ab8ba1", 
        "architecture": "amd64/generic", 
        "memory": 0, 
        "owner": "root", 
        "tag_names": [
            "node-29e47a24-52c6-11e3-ae66-525400ab8ba1"
        ], 
        "ip_addresses": [], 
        "resource_uri": "/MAAS/api/1.0/nodes/node-29e47a24-52c6-11e3-ae66-525400ab8ba1/"
    }
]
