[
    {
        "status": 6, 
        "macaddress_set": [
            {
                "resource_uri": "/MAAS/api/1.0/nodes/node-8e9debfc-c059-11e3-9fc4-52540096c280/macs/00%3A16%3A3e%3A93%3A0d%3A9a/", 
                "mac_address": "00:16:3e:93:0d:9a"
            }
        ], 
        "hostname": "juju-bootstrap.maas", 
        "zone": {
            "resource_uri": "/MAAS/api/1.0/zones/default/", 
            "name": "default", 
            "description": ""
        }, 
        "routers": null, 
        "netboot": true, 
        "cpu_count": 0, 
        "storage": 0, 
        "owner": "root", 
        "system_id": "node-8e9debfc-c059-11e3-9fc4-52540096c280", 
        "architecture": "amd64/generic", 
        "memory": 0, 
        "power_type": "virsh", 
        "tag_names": [
            "use-fastpath-installer", 
            "node-8e9debfc-c059-11e3-9fc4-52540096c280"
        ], 
        "ip_addresses": [
            "192.168.100.151"
        ], 
        "resource_uri": "/MAAS/api/1.0/nodes/node-8e9debfc-c059-11e3-9fc4-52540096c280/"
    }, 
    {
        "status": 1, 
        "macaddress_set": [
            {
                "resource_uri": "/MAAS/api/1.0/nodes/node-f63668f6-c05a-11e3-9fc4-52540096c280/macs/52%3A54%3A00%3Ab3%3Aea%3Ae1/", 
                "mac_address": "52:54:00:b3:ea:e1"
            }
        ], 
        "hostname": "4jq9g.maas", 
        "zone": {
            "resource_uri": "/MAAS/api/1.0/zones/default/", 
            "name": "default", 
            "description": ""
        }, 
        "routers": null, 
        "netboot": true, 
        "cpu_count": 1, 
        "storage": 8096, 
        "owner": null, 
        "system_id": "node-f63668f6-c05a-11e3-9fc4-52540096c280", 
        "architecture": "amd64/generic", 
        "memory": 512, 
        "power_type": "virsh", 
        "tag_names": [
            "use-fastpath-installer", 
            "node-f63668f6-c05a-11e3-9fc4-52540096c280"
        ], 
        "ip_addresses": [
            "192.168.100.152"
        ], 
        "resource_uri": "/MAAS/api/1.0/nodes/node-f63668f6-c05a-11e3-9fc4-52540096c280/"
    }
]
